// Jest Snapshot v1, https://goo.gl/fbAQLP

exports[`<RadioGroup /> should render snapshot correctly 1`] = `
<div>
  <div
    class="sc-hKwDye bVcDfn"
    role="radiogroup"
  >
    <div
      class="sc-bdvvtL gowonf"
    >
      <div
        aria-checked="false"
        aria-disabled="false"
        class="sc-gsDKAQ kAIVTa"
        role="radio"
        tabindex="0"
      />
      <div
        class="sc-dkPtRN ebgbMx"
        role="button"
        tabindex="0"
      >
        Item unchecked
      </div>
    </div>
    <div
      class="sc-bdvvtL gowonf"
    >
      <div
        aria-checked="true"
        aria-disabled="false"
        class="sc-gsDKAQ eTNswP"
        role="radio"
        tabindex="0"
      />
      <div
        class="sc-dkPtRN ebgbMx"
        role="button"
        tabindex="0"
      >
        Item checked
      </div>
    </div>
    <div
      class="sc-bdvvtL gowonf"
    >
      <div
        aria-checked="true"
        aria-disabled="true"
        class="sc-gsDKAQ eTNswP"
        role="radio"
        tabindex="0"
      />
      <div
        class="sc-dkPtRN ebgbMx"
        role="button"
        tabindex="0"
      >
        Item checked disabled
      </div>
    </div>
    <div
      class="sc-bdvvtL gowonf"
    >
      <div
        aria-checked="false"
        aria-disabled="true"
        class="sc-gsDKAQ kAIVTa"
        role="radio"
        tabindex="0"
      />
      <div
        class="sc-dkPtRN ebgbMx"
        role="button"
        tabindex="0"
      >
        Item unchecked disabled
      </div>
    </div>
  </div>
  <div
    class="sc-hKwDye bVcDfn"
    role="radiogroup"
  >
    <div
      class="sc-bdvvtL gowonf"
    >
      <div
        aria-checked="false"
        aria-disabled="false"
        class="sc-gsDKAQ kAIVTa"
        role="radio"
        tabindex="0"
      />
      <div
        class="sc-dkPtRN ebgbMx"
        role="button"
        tabindex="0"
      >
        Item unchecked
      </div>
    </div>
    <div
      class="sc-bdvvtL gowonf"
    >
      <div
        aria-checked="true"
        aria-disabled="false"
        class="sc-gsDKAQ eTNswP"
        role="radio"
        tabindex="0"
      />
      <div
        class="sc-dkPtRN ebgbMx"
        role="button"
        tabindex="0"
      >
        Item checked
      </div>
    </div>
  </div>
  <div
    class="sc-hKwDye jXkjUP"
    role="radiogroup"
  >
    <div
      class="sc-bdvvtL gowonf"
    >
      <div
        aria-checked="false"
        aria-disabled="false"
        class="sc-gsDKAQ kAIVTa"
        role="radio"
        tabindex="0"
      />
      <div
        class="sc-dkPtRN ebgbMx"
        role="button"
        tabindex="0"
      >
        Item unchecked
      </div>
    </div>
    <div
      class="sc-bdvvtL gowonf"
    >
      <div
        aria-checked="true"
        aria-disabled="false"
        class="sc-gsDKAQ eTNswP"
        role="radio"
        tabindex="0"
      />
      <div
        class="sc-dkPtRN ebgbMx"
        role="button"
        tabindex="0"
      >
        Item checked
      </div>
    </div>
  </div>
</div>
`;
