// Jest Snapshot v1, https://goo.gl/fbAQLP

exports[`<RadioGroup /> should render snapshot correctly 1`] = `
<div>
  <div
    class="sc-hKMtZM crFdVk"
    role="radiogroup"
  >
    <div
      class="sc-bczRLJ kfAyjk"
    >
      <div
        aria-checked="false"
        aria-disabled="false"
        class="sc-gsnTZi jEPdEC"
        role="radio"
        tabindex="0"
      />
      <div
        class="sc-dkzDqf joQWWO"
        role="button"
        tabindex="0"
      >
        Item unchecked
      </div>
    </div>
    <div
      class="sc-bczRLJ kfAyjk"
    >
      <div
        aria-checked="true"
        aria-disabled="false"
        class="sc-gsnTZi eNWukP"
        role="radio"
        tabindex="0"
      />
      <div
        class="sc-dkzDqf joQWWO"
        role="button"
        tabindex="0"
      >
        Item checked
      </div>
    </div>
    <div
      class="sc-bczRLJ kfAyjk"
    >
      <div
        aria-checked="true"
        aria-disabled="true"
        class="sc-gsnTZi eNWukP"
        role="radio"
        tabindex="0"
      />
      <div
        class="sc-dkzDqf joQWWO"
        role="button"
        tabindex="0"
      >
        Item checked disabled
      </div>
    </div>
    <div
      class="sc-bczRLJ kfAyjk"
    >
      <div
        aria-checked="false"
        aria-disabled="true"
        class="sc-gsnTZi jEPdEC"
        role="radio"
        tabindex="0"
      />
      <div
        class="sc-dkzDqf joQWWO"
        role="button"
        tabindex="0"
      >
        Item unchecked disabled
      </div>
    </div>
  </div>
  <div
    class="sc-hKMtZM crFdVk"
    role="radiogroup"
  >
    <div
      class="sc-bczRLJ kfAyjk"
    >
      <div
        aria-checked="false"
        aria-disabled="false"
        class="sc-gsnTZi jEPdEC"
        role="radio"
        tabindex="0"
      />
      <div
        class="sc-dkzDqf joQWWO"
        role="button"
        tabindex="0"
      >
        Item unchecked
      </div>
    </div>
    <div
      class="sc-bczRLJ kfAyjk"
    >
      <div
        aria-checked="true"
        aria-disabled="false"
        class="sc-gsnTZi eNWukP"
        role="radio"
        tabindex="0"
      />
      <div
        class="sc-dkzDqf joQWWO"
        role="button"
        tabindex="0"
      >
        Item checked
      </div>
    </div>
  </div>
  <div
    class="sc-hKMtZM fOtTjs"
    role="radiogroup"
  >
    <div
      class="sc-bczRLJ kfAyjk"
    >
      <div
        aria-checked="false"
        aria-disabled="false"
        class="sc-gsnTZi jEPdEC"
        role="radio"
        tabindex="0"
      />
      <div
        class="sc-dkzDqf joQWWO"
        role="button"
        tabindex="0"
      >
        Item unchecked
      </div>
    </div>
    <div
      class="sc-bczRLJ kfAyjk"
    >
      <div
        aria-checked="true"
        aria-disabled="false"
        class="sc-gsnTZi eNWukP"
        role="radio"
        tabindex="0"
      />
      <div
        class="sc-dkzDqf joQWWO"
        role="button"
        tabindex="0"
      >
        Item checked
      </div>
    </div>
  </div>
</div>
`;
