// Jest Snapshot v1, https://goo.gl/fbAQLP

exports[`<Radio /> should render snapshot correctly 1`] = `
<div>
  <div
    class="sc-bdvvtL gowonf"
  >
    <div
      aria-checked="false"
      aria-disabled="false"
      class="sc-gsDKAQ kAIVTa"
      role="radio"
      tabindex="0"
    />
  </div>
  <div
    class="sc-bdvvtL gowonf"
  >
    <div
      aria-checked="true"
      aria-disabled="false"
      class="sc-gsDKAQ eTNswP"
      role="radio"
      tabindex="0"
    />
  </div>
  <div
    class="sc-bdvvtL gowonf"
  >
    <div
      aria-checked="false"
      aria-disabled="true"
      class="sc-gsDKAQ kAIVTa"
      role="radio"
      tabindex="0"
    />
  </div>
  <div
    class="sc-bdvvtL gowonf"
  >
    <div
      aria-checked="true"
      aria-disabled="true"
      class="sc-gsDKAQ eTNswP"
      role="radio"
      tabindex="0"
    />
  </div>
  <div
    class="sc-bdvvtL gowonf"
  >
    <div
      aria-checked="true"
      aria-disabled="true"
      class="sc-gsDKAQ eTNswP"
      role="radio"
      tabindex="0"
    />
    <label
      class="sc-dkPtRN ebgbMx"
    >
      I'm checked and disabled
    </label>
  </div>
  <div
    class="sc-bdvvtL gowonf"
  >
    <div
      aria-checked="false"
      aria-disabled="false"
      class="sc-gsDKAQ kAIVTa"
      role="radio"
      tabindex="0"
    />
    <label
      class="sc-dkPtRN ebgbMx"
    >
      I'm available
    </label>
  </div>
</div>
`;
