// Jest Snapshot v1, https://goo.gl/fbAQLP

exports[`<Checkbox /> should render snapshot correctly 1`] = `
<div>
  <div
    class="sc-gKclnd fVLuFs"
  >
    <div
      aria-checked="false"
      aria-disabled="false"
      class="sc-iCfMLu cHzFzy"
      role="checkbox"
      tabindex="0"
    />
  </div>
  <div
    class="sc-gKclnd fVLuFs"
  >
    <div
      aria-checked="true"
      aria-disabled="false"
      class="sc-iCfMLu iXqDnf"
      role="checkbox"
      tabindex="0"
    >
      <div
        class="sc-bdvvtL bYGNWJ"
        data-icon-name="check"
      >
        <div>
          mock svg
        </div>
      </div>
    </div>
  </div>
  <div
    class="sc-gKclnd fVLuFs"
  >
    <div
      aria-checked="false"
      aria-disabled="true"
      class="sc-iCfMLu cHzFzy"
      role="checkbox"
      tabindex="0"
    />
  </div>
  <div
    class="sc-gKclnd fVLuFs"
  >
    <div
      aria-checked="true"
      aria-disabled="true"
      class="sc-iCfMLu iXqDnf"
      role="checkbox"
      tabindex="0"
    >
      <div
        class="sc-bdvvtL bYGNWJ"
        data-icon-name="check"
      >
        <div>
          mock svg
        </div>
      </div>
    </div>
  </div>
  <div
    class="sc-gKclnd fVLuFs"
  >
    <div
      aria-checked="true"
      aria-disabled="true"
      class="sc-iCfMLu iXqDnf"
      role="checkbox"
      tabindex="0"
    >
      <div
        class="sc-bdvvtL bYGNWJ"
        data-icon-name="check"
      >
        <div>
          mock svg
        </div>
      </div>
    </div>
    <div
      class="sc-furwcr dDWhsX"
      role="button"
      tabindex="0"
    >
      I'm checked and disabled
    </div>
  </div>
  <div
    class="sc-gKclnd fVLuFs"
  >
    <div
      aria-checked="false"
      aria-disabled="false"
      class="sc-iCfMLu cHzFzy"
      role="checkbox"
      tabindex="0"
    />
    <div
      class="sc-furwcr dDWhsX"
      role="button"
      tabindex="0"
    >
      I'm available
    </div>
  </div>
</div>
`;
