// Jest Snapshot v1, https://goo.gl/fbAQLP

exports[`<Checkbox /> should render snapshot correctly 1`] = `
<div>
  <div
    class="sc-gKclnd fVLuFs"
  >
    <div
      aria-checked="false"
      aria-disabled="false"
      class="sc-iCfMLu cHzFzy"
      role="checkbox"
      tabindex="0"
    />
  </div>
  <div
    class="sc-gKclnd fVLuFs"
  >
    <div
      aria-checked="true"
      aria-disabled="false"
      class="sc-iCfMLu iXqDnf"
      role="checkbox"
      tabindex="0"
    >
      <div
        class="sc-bdvvtL bYGNWJ"
        data-icon-name="check"
      >
        <svg
          fill="none"
          viewBox="0 0 18 13"
          xmlns="http://www.w3.org/2000/svg"
        >
          <path
            d="M17 1L6 12L1 7"
            stroke="currentColor"
            stroke-linecap="round"
            stroke-linejoin="round"
            stroke-width="2"
          />
        </svg>
      </div>
    </div>
  </div>
  <div
    class="sc-gKclnd fVLuFs"
  >
    <div
      aria-checked="false"
      aria-disabled="true"
      class="sc-iCfMLu cHzFzy"
      role="checkbox"
      tabindex="0"
    />
  </div>
  <div
    class="sc-gKclnd fVLuFs"
  >
    <div
      aria-checked="true"
      aria-disabled="true"
      class="sc-iCfMLu iXqDnf"
      role="checkbox"
      tabindex="0"
    >
      <div
        class="sc-bdvvtL bYGNWJ"
        data-icon-name="check"
      >
        <svg
          fill="none"
          viewBox="0 0 18 13"
          xmlns="http://www.w3.org/2000/svg"
        >
          <path
            d="M17 1L6 12L1 7"
            stroke="currentColor"
            stroke-linecap="round"
            stroke-linejoin="round"
            stroke-width="2"
          />
        </svg>
      </div>
    </div>
  </div>
  <div
    class="sc-gKclnd fVLuFs"
  >
    <div
      aria-checked="true"
      aria-disabled="true"
      class="sc-iCfMLu iXqDnf"
      role="checkbox"
      tabindex="0"
    >
      <div
        class="sc-bdvvtL bYGNWJ"
        data-icon-name="check"
      >
        <svg
          fill="none"
          viewBox="0 0 18 13"
          xmlns="http://www.w3.org/2000/svg"
        >
          <path
            d="M17 1L6 12L1 7"
            stroke="currentColor"
            stroke-linecap="round"
            stroke-linejoin="round"
            stroke-width="2"
          />
        </svg>
      </div>
    </div>
    <div
      class="sc-furwcr dDWhsX"
      role="button"
      tabindex="0"
    >
      I'm checked and disabled
    </div>
  </div>
  <div
    class="sc-gKclnd fVLuFs"
  >
    <div
      aria-checked="false"
      aria-disabled="false"
      class="sc-iCfMLu cHzFzy"
      role="checkbox"
      tabindex="0"
    />
    <div
      class="sc-furwcr dDWhsX"
      role="button"
      tabindex="0"
    >
      I'm available
    </div>
  </div>
</div>
`;
