// Jest Snapshot v1, https://goo.gl/fbAQLP

exports[`<Card /> should render snapshot correctly 1`] = `
<div>
  <div
    class="sc-bdvvtL gdXJKY"
  >
    <div
      class="sc-hKwDye bjuJie"
    />
    <div
      class="sc-iCfMLu dPfeOm"
    >
      The card with image
    </div>
  </div>
  <div
    class="sc-bdvvtL bumdSL"
  >
    <div
      class="sc-hKwDye fTarJn"
    />
    <div
      class="sc-iCfMLu hyKfPD"
    >
      <p>
        Item 1
      </p>
      <p>
        Item 2
      </p>
      <p>
        Item 3
      </p>
    </div>
  </div>
  <div
    class="sc-bdvvtL gdXJKY"
  >
    <div
      class="sc-dkPtRN eWGRQa"
    >
      <div
        class="sc-gsDKAQ jupgag"
        data-icon-name="check"
      >
        <svg
          fill="none"
          viewBox="0 0 18 13"
          xmlns="http://www.w3.org/2000/svg"
        >
          <path
            d="M17 1L6 12L1 7"
            stroke="currentColor"
            stroke-linecap="round"
            stroke-linejoin="round"
            stroke-width="2"
          />
        </svg>
      </div>
    </div>
    <div
      class="sc-iCfMLu dPfeOm"
    >
      Card with icon
    </div>
  </div>
  <div
    class="sc-bdvvtL gdXJKY"
    role="button"
    tabindex="0"
  >
    <div
      class="sc-iCfMLu dPfeOm"
    >
      Card clickable
    </div>
  </div>
  <div
    class="sc-bdvvtL bPDKIS"
    role="button"
    style="display: grid; grid-template-columns: minmax(0, 90px) 1fr; align-items: center;"
    tabindex="0"
  >
    <div
      class="sc-eCImPb hcFpqB"
    >
      <p
        class="sc-jRQBWg jSBYXt"
      >
         
        10
         
      </p>
      <p
        class="sc-gKclnd vZma-d"
      >
        Patients
      </p>
    </div>
    <div
      class="sc-iCfMLu KhiQc"
    >
      Card clickable
    </div>
  </div>
  <div
    class="sc-bdvvtL gdXJKY"
    style="display: grid; grid-template-columns: minmax(0, 90px) 1fr; align-items: center;"
  >
    <div
      class="sc-eCImPb imEwWK"
    >
      <p
        class="sc-jRQBWg jSBYXt"
      >
         
        +99
         
      </p>
      <p
        class="sc-gKclnd vZma-d"
      >
        Notes
      </p>
    </div>
    <div
      class="sc-iCfMLu dPfeOm"
    >
      Check it out!
    </div>
  </div>
</div>
`;
