// Jest Snapshot v1, https://goo.gl/fbAQLP

exports[`<Card /> should render snapshot correctly 1`] = `
<div>
  <div
    class="sc-bdvvtL gdXJKY"
  >
    <div
      class="sc-hKwDye bjuJie"
    />
    <div
      class="sc-eCImPb lctUKu"
    >
      The card with image
    </div>
  </div>
  <div
    class="sc-bdvvtL bumdSL"
  >
    <div
      class="sc-hKwDye fTarJn"
    />
    <div
      class="sc-eCImPb iBctbf"
    >
      <p>
        Item 1
      </p>
      <p>
        Item 2
      </p>
      <p>
        Item 3
      </p>
    </div>
  </div>
  <div
    class="sc-bdvvtL gdXJKY"
  >
    <div
      class="sc-dkPtRN eWGRQa"
    >
      <div
        class="sc-gsDKAQ jupgag"
        data-icon-name="check"
      >
        <svg
          fill="none"
          viewBox="0 0 18 13"
          xmlns="http://www.w3.org/2000/svg"
        >
          <path
            d="M17 1L6 12L1 7"
            stroke="currentColor"
            stroke-linecap="round"
            stroke-linejoin="round"
            stroke-width="2"
          />
        </svg>
      </div>
    </div>
    <div
      class="sc-eCImPb lctUKu"
    >
      Card with icon
    </div>
  </div>
  <div
    class="sc-bdvvtL gdXJKY"
    role="button"
    tabindex="0"
  >
    <div
      class="sc-eCImPb lctUKu"
    >
      Card clickable
    </div>
  </div>
</div>
`;
