// Jest Snapshot v1, https://goo.gl/fbAQLP

exports[`<Card /> should render snapshot correctly 1`] = `
<div>
  <div
    class="sc-bczRLJ cOveTH"
  >
    <div
      class="sc-dkzDqf esjBZm"
    />
    <div
      class="sc-gKXOVf hrhlkb"
    >
      The card with image
    </div>
  </div>
  <div
    class="sc-bczRLJ jBxGZw"
  >
    <div
      class="sc-dkzDqf limxqf"
    />
    <div
      class="sc-gKXOVf gvlbeu"
    >
      <p>
        Item 1
      </p>
      <p>
        Item 2
      </p>
      <p>
        Item 3
      </p>
    </div>
  </div>
  <div
    class="sc-bczRLJ cOveTH"
  >
    <div
      class="sc-gsnTZi hEGjTa"
    >
      <div
        data-icon-name="check"
        style="display: inline-flex; align-items: center; justify-content: center;"
      >
        <svg
          fill="none"
          height="32px"
          viewBox="0 0 18 13"
          width="32px"
          xmlns="http://www.w3.org/2000/svg"
        >
          <path
            d="M17 1L6 12L1 7"
            stroke="currentColor"
            stroke-linecap="round"
            stroke-linejoin="round"
            stroke-width="2"
          />
        </svg>
      </div>
    </div>
    <div
      class="sc-gKXOVf hrhlkb"
    >
      Card with icon
    </div>
  </div>
  <div
    class="sc-bczRLJ cOveTH"
    role="button"
    tabindex="0"
  >
    <div
      class="sc-gKXOVf hrhlkb"
    >
      Card clickable
    </div>
  </div>
  <div
    class="sc-bczRLJ bdMVGZ"
    role="button"
    style="display: grid; grid-template-columns: minmax(0, 90px) 1fr; align-items: center;"
    tabindex="0"
  >
    <div
      class="sc-hKMtZM dvmCma"
    >
      <p
        class="sc-eCYdqJ hjtWbM"
      >
         
        10
         
      </p>
      <p
        class="sc-jSMfEi gVnUmI"
      >
        Patients
      </p>
    </div>
    <div
      class="sc-gKXOVf dWOLwx"
    >
      Card clickable
    </div>
  </div>
  <div
    class="sc-bczRLJ cOveTH"
    style="display: grid; grid-template-columns: minmax(0, 90px) 1fr; align-items: center;"
  >
    <div
      class="sc-hKMtZM hxZntt"
    >
      <p
        class="sc-eCYdqJ hjtWbM"
      >
         
        +99
         
      </p>
      <p
        class="sc-jSMfEi gVnUmI"
      >
        Notes
      </p>
    </div>
    <div
      class="sc-gKXOVf hrhlkb"
    >
      Check it out!
    </div>
  </div>
</div>
`;
