// Jest Snapshot v1, https://goo.gl/fbAQLP

exports[`<Card /> should render snapshot correctly 1`] = `
.c7 {
  display: -webkit-inline-box;
  display: -webkit-inline-flex;
  display: -ms-inline-flexbox;
  display: inline-flex;
  -webkit-align-items: center;
  -webkit-box-align: center;
  -ms-flex-align: center;
  align-items: center;
  -webkit-box-pack: center;
  -webkit-justify-content: center;
  -ms-flex-pack: center;
  justify-content: center;
}

.c7 svg {
  width: 2rem;
  height: 2rem;
}

.c0 {
  position: relative;
  border-radius: 1rem;
  box-shadow: 0px 8px 16px rgba(17,17,17,0.06);
  background-color: #FCFCFC;
}

.c0[role='button'] {
  cursor: pointer;
}

.c3 {
  position: relative;
}

.c3[role='button'] {
  cursor: pointer;
}

.c6 {
  padding: 1.25rem 1rem 1rem;
}

.c1 {
  height: 150px;
  font-family: Poppins,sans-serif;
  background: url('https://medicinasa.com.br/wp-content/uploads/2019/04/WeCancer2a.jpg') no-repeat center;
  background-size: cover;
  position: relative;
  margin-bottom: -1rem;
  border-radius: 1rem 1rem 0 0;
  z-index: 1;
}

.c4 {
  height: 78px;
  font-family: Poppins,sans-serif;
  background: url('https://medicinasa.com.br/wp-content/uploads/2019/04/WeCancer2a.jpg') no-repeat center;
  background-size: cover;
  position: relative;
  margin-bottom: -1rem;
  width: 78px;
  position: absolute;
  left: 0;
  top: 0;
  border-radius: 1rem;
  z-index: 3;
}

.c2 {
  font-family: Poppins,sans-serif;
  background-color: #FCFCFC;
  border-radius: 1rem;
  position: relative;
  z-index: 2;
  padding: 1rem;
}

.c5 {
  font-family: Poppins,sans-serif;
  background-color: #FCFCFC;
  border-radius: 1rem;
  position: relative;
  z-index: 2;
  min-height: 46px;
  margin-left: 1.875rem;
  padding: 1rem 1rem 1rem 4.06rem;
  border-radius: 1rem;
  box-shadow: 0px 8px 16px rgba(17,17,17,0.06);
}

<div>
  <div
    class="c0"
  >
    <div
      class="c1"
    />
    <div
      class="c2"
    >
      The card with image
    </div>
  </div>
  <div
    class="c3"
  >
    <div
      class="c4"
    />
    <div
      class="c5"
    >
      <p>
        Item 1
      </p>
      <p>
        Item 2
      </p>
      <p>
        Item 3
      </p>
    </div>
  </div>
  <div
    class="c0"
  >
    <div
      class="c6"
    >
      <div
        class="c7"
        data-icon-name="check"
      >
        <span />
      </div>
    </div>
    <div
      class="c2"
    >
      Card with icon
    </div>
  </div>
  <div
    class="c0"
    role="button"
    tabindex="0"
  >
    <div
      class="c2"
    >
      Card clickable
    </div>
  </div>
</div>
`;
