// Jest Snapshot v1, https://goo.gl/fbAQLP

exports[`<Button /> should render snapshot correctly 1`] = `
<div>
  <button
    class="sc-dkPtRN hOGJLu"
    type="button"
  >
    Primary
  </button>
  <button
    class="sc-dkPtRN eJTmpz"
    type="button"
  >
    Secondary
  </button>
  <button
    class="sc-dkPtRN gMSlJh"
    type="button"
  >
    Error
  </button>
  <button
    class="sc-dkPtRN dtLjOx"
    type="button"
  >
    Success
  </button>
  <button
    class="sc-dkPtRN bjAzIx"
    type="button"
  >
    <div
      class="sc-gsDKAQ cbKTir"
    >
      <div
        class="sc-bdvvtL bYGNWJ"
        data-icon-name="spinnerSolid"
      >
        <div>
          mock svg
        </div>
      </div>
    </div>
  </button>
  <button
    class="sc-dkPtRN bjAzIx"
    disabled=""
    type="button"
  >
    Button disabled
  </button>
</div>
`;
