// Jest Snapshot v1, https://goo.gl/fbAQLP

exports[`<IncrementStepper /> should render snapshot correctly 1`] = `
<div>
  <div
    class="sc-dkPtRN hPjXWK"
  >
    <button
      class="sc-gsDKAQ cIQQgU sc-eCImPb irpKkc"
      type="button"
    >
      <div
        class="sc-bdvvtL hBtBol"
        data-icon-name="minus"
      >
        <div>
          mock svg
        </div>
      </div>
    </button>
    <input
      class="sc-hKwDye fcPFVX"
      type="text"
      value="10"
    />
    <button
      class="sc-gsDKAQ cIQQgU sc-eCImPb irpKkc"
      type="button"
    >
      <div
        class="sc-bdvvtL hBtBol"
        data-icon-name="plus"
      >
        <div>
          mock svg
        </div>
      </div>
    </button>
  </div>
</div>
`;
