// Jest Snapshot v1, https://goo.gl/fbAQLP

exports[`Snapshot <DatePicker /> should take a snapshot 1`] = `
<div>
  <div
    class="sc-iCfMLu FBMMr"
    role="button"
    tabindex="0"
  >
    <div
      class="sc-gsDKAQ kdpXcC"
    >
      <input
        class="sc-dkPtRN kHFFrW"
        placeholder="22/02/2022"
        type="text"
        value=""
      />
      <button
        class="sc-eCImPb jWvkiQ"
        type="button"
      >
        <div
          class="sc-bdvvtL bYGNWJ icon-right"
          data-icon-name="calendar"
        >
          <div>
            mock svg
          </div>
        </div>
      </button>
    </div>
    <div
      class="sc-gKclnd cyCAXb"
    >
      <div
        class="rdp"
      >
        <div
          class="rdp-months"
        >
          <div
            class="rdp-month rdp-caption_start rdp-caption_end"
          >
            <div
              class="rdp-caption"
            >
              <div
                class="rdp-caption_dropdowns"
              >
                <div
                  class="rdp-vhidden"
                >
                  <h2
                    aria-atomic="true"
                    aria-live="polite"
                    class="rdp-caption_label"
                    id="11"
                  >
                    março 2022
                  </h2>
                </div>
                <div
                  class="rdp-dropdown_month"
                >
                  <span
                    class="rdp-vhidden"
                  >
                    Month: 
                  </span>
                  <select
                    aria-label="Month: "
                    class="rdp-dropdown"
                  >
                    <option
                      value="0"
                    >
                      janeiro
                    </option>
                    <option
                      value="1"
                    >
                      fevereiro
                    </option>
                    <option
                      value="2"
                    >
                      março
                    </option>
                    <option
                      value="3"
                    >
                      abril
                    </option>
                    <option
                      value="4"
                    >
                      maio
                    </option>
                    <option
                      value="5"
                    >
                      junho
                    </option>
                    <option
                      value="6"
                    >
                      julho
                    </option>
                    <option
                      value="7"
                    >
                      agosto
                    </option>
                    <option
                      value="8"
                    >
                      setembro
                    </option>
                    <option
                      value="9"
                    >
                      outubro
                    </option>
                    <option
                      value="10"
                    >
                      novembro
                    </option>
                    <option
                      value="11"
                    >
                      dezembro
                    </option>
                  </select>
                  <div
                    aria-hidden="true"
                    class="rdp-caption_label"
                  >
                    março
                    <svg
                      class="rdp-dropdown_icon"
                      data-testid="iconDropdown"
                      height="8px"
                      viewBox="0 0 120 120"
                      width="8px"
                    >
                      <path
                        d="M4.22182541,48.2218254 C8.44222828,44.0014225 15.2388494,43.9273804 19.5496459,47.9996989 L19.7781746,48.2218254 L60,88.443 L100.221825,48.2218254 C104.442228,44.0014225 111.238849,43.9273804 115.549646,47.9996989 L115.778175,48.2218254 C119.998577,52.4422283 120.07262,59.2388494 116.000301,63.5496459 L115.778175,63.7781746 L67.7781746,111.778175 C63.5577717,115.998577 56.7611506,116.07262 52.4503541,112.000301 L52.2218254,111.778175 L4.22182541,63.7781746 C-0.0739418023,59.4824074 -0.0739418023,52.5175926 4.22182541,48.2218254 Z"
                        fill="currentColor"
                        fill-rule="nonzero"
                      />
                    </svg>
                  </div>
                </div>
                <div
                  class="rdp-dropdown_month"
                >
                  <span
                    class="rdp-vhidden"
                  >
                    Year: 
                  </span>
                  <select
                    aria-label="Year: "
                    class="rdp-dropdown"
                  >
                    <option
                      value="2022"
                    >
                      2022
                    </option>
                    <option
                      value="2023"
                    >
                      2023
                    </option>
                    <option
                      value="2024"
                    >
                      2024
                    </option>
                    <option
                      value="2025"
                    >
                      2025
                    </option>
                  </select>
                  <div
                    aria-hidden="true"
                    class="rdp-caption_label"
                  >
                    2022
                    <svg
                      class="rdp-dropdown_icon"
                      data-testid="iconDropdown"
                      height="8px"
                      viewBox="0 0 120 120"
                      width="8px"
                    >
                      <path
                        d="M4.22182541,48.2218254 C8.44222828,44.0014225 15.2388494,43.9273804 19.5496459,47.9996989 L19.7781746,48.2218254 L60,88.443 L100.221825,48.2218254 C104.442228,44.0014225 111.238849,43.9273804 115.549646,47.9996989 L115.778175,48.2218254 C119.998577,52.4422283 120.07262,59.2388494 116.000301,63.5496459 L115.778175,63.7781746 L67.7781746,111.778175 C63.5577717,115.998577 56.7611506,116.07262 52.4503541,112.000301 L52.2218254,111.778175 L4.22182541,63.7781746 C-0.0739418023,59.4824074 -0.0739418023,52.5175926 4.22182541,48.2218254 Z"
                        fill="currentColor"
                        fill-rule="nonzero"
                      />
                    </svg>
                  </div>
                </div>
              </div>
            </div>
            <table
              aria-labelledby="11"
              class="rdp-table"
              role="grid"
            >
              <thead
                class="rdp-head"
              >
                <tr
                  class="rdp-head_row"
                >
                  <th
                    class="rdp-head_cell"
                    scope="col"
                  >
                    <span
                      aria-hidden="true"
                    >
                      dom
                    </span>
                    <span
                      class="rdp-vhidden"
                    >
                      domingo
                    </span>
                  </th>
                  <th
                    class="rdp-head_cell"
                    scope="col"
                  >
                    <span
                      aria-hidden="true"
                    >
                      seg
                    </span>
                    <span
                      class="rdp-vhidden"
                    >
                      segunda-feira
                    </span>
                  </th>
                  <th
                    class="rdp-head_cell"
                    scope="col"
                  >
                    <span
                      aria-hidden="true"
                    >
                      ter
                    </span>
                    <span
                      class="rdp-vhidden"
                    >
                      terça-feira
                    </span>
                  </th>
                  <th
                    class="rdp-head_cell"
                    scope="col"
                  >
                    <span
                      aria-hidden="true"
                    >
                      qua
                    </span>
                    <span
                      class="rdp-vhidden"
                    >
                      quarta-feira
                    </span>
                  </th>
                  <th
                    class="rdp-head_cell"
                    scope="col"
                  >
                    <span
                      aria-hidden="true"
                    >
                      qui
                    </span>
                    <span
                      class="rdp-vhidden"
                    >
                      quinta-feira
                    </span>
                  </th>
                  <th
                    class="rdp-head_cell"
                    scope="col"
                  >
                    <span
                      aria-hidden="true"
                    >
                      sex
                    </span>
                    <span
                      class="rdp-vhidden"
                    >
                      sexta-feira
                    </span>
                  </th>
                  <th
                    class="rdp-head_cell"
                    scope="col"
                  >
                    <span
                      aria-hidden="true"
                    >
                      sab
                    </span>
                    <span
                      class="rdp-vhidden"
                    >
                      sábado
                    </span>
                  </th>
                </tr>
              </thead>
              <tbody
                class="rdp-tbody"
              >
                <tr
                  class="rdp-row"
                >
                  <td
                    class="rdp-cell"
                  >
                    <button
                      class="rdp-button_reset rdp-button rdp-day rdp-day_outside"
                      tabindex="-1"
                      type="button"
                    >
                      <span
                        aria-hidden="true"
                      >
                        27
                      </span>
                      <span
                        class="rdp-vhidden"
                      >
                        27º fevereiro (domingo)
                      </span>
                    </button>
                  </td>
                  <td
                    class="rdp-cell"
                  >
                    <button
                      class="rdp-button_reset rdp-button rdp-day rdp-day_outside"
                      tabindex="-1"
                      type="button"
                    >
                      <span
                        aria-hidden="true"
                      >
                        28
                      </span>
                      <span
                        class="rdp-vhidden"
                      >
                        28º fevereiro (segunda-feira)
                      </span>
                    </button>
                  </td>
                  <td
                    class="rdp-cell"
                  >
                    <button
                      class="rdp-button_reset rdp-button rdp-day"
                      tabindex="-1"
                      type="button"
                    >
                      <span
                        aria-hidden="true"
                      >
                        1
                      </span>
                      <span
                        class="rdp-vhidden"
                      >
                        1º março (terça-feira)
                      </span>
                    </button>
                  </td>
                  <td
                    class="rdp-cell"
                  >
                    <button
                      class="rdp-button_reset rdp-button rdp-day"
                      tabindex="-1"
                      type="button"
                    >
                      <span
                        aria-hidden="true"
                      >
                        2
                      </span>
                      <span
                        class="rdp-vhidden"
                      >
                        2º março (quarta-feira)
                      </span>
                    </button>
                  </td>
                  <td
                    class="rdp-cell"
                  >
                    <button
                      class="rdp-button_reset rdp-button rdp-day"
                      tabindex="-1"
                      type="button"
                    >
                      <span
                        aria-hidden="true"
                      >
                        3
                      </span>
                      <span
                        class="rdp-vhidden"
                      >
                        3º março (quinta-feira)
                      </span>
                    </button>
                  </td>
                  <td
                    class="rdp-cell"
                  >
                    <button
                      class="rdp-button_reset rdp-button rdp-day"
                      tabindex="-1"
                      type="button"
                    >
                      <span
                        aria-hidden="true"
                      >
                        4
                      </span>
                      <span
                        class="rdp-vhidden"
                      >
                        4º março (sexta-feira)
                      </span>
                    </button>
                  </td>
                  <td
                    class="rdp-cell"
                  >
                    <button
                      class="rdp-button_reset rdp-button rdp-day"
                      tabindex="-1"
                      type="button"
                    >
                      <span
                        aria-hidden="true"
                      >
                        5
                      </span>
                      <span
                        class="rdp-vhidden"
                      >
                        5º março (sábado)
                      </span>
                    </button>
                  </td>
                </tr>
                <tr
                  class="rdp-row"
                >
                  <td
                    class="rdp-cell"
                  >
                    <button
                      class="rdp-button_reset rdp-button rdp-day"
                      tabindex="-1"
                      type="button"
                    >
                      <span
                        aria-hidden="true"
                      >
                        6
                      </span>
                      <span
                        class="rdp-vhidden"
                      >
                        6º março (domingo)
                      </span>
                    </button>
                  </td>
                  <td
                    class="rdp-cell"
                  >
                    <button
                      class="rdp-button_reset rdp-button rdp-day"
                      tabindex="-1"
                      type="button"
                    >
                      <span
                        aria-hidden="true"
                      >
                        7
                      </span>
                      <span
                        class="rdp-vhidden"
                      >
                        7º março (segunda-feira)
                      </span>
                    </button>
                  </td>
                  <td
                    class="rdp-cell"
                  >
                    <button
                      class="rdp-button_reset rdp-button rdp-day"
                      tabindex="-1"
                      type="button"
                    >
                      <span
                        aria-hidden="true"
                      >
                        8
                      </span>
                      <span
                        class="rdp-vhidden"
                      >
                        8º março (terça-feira)
                      </span>
                    </button>
                  </td>
                  <td
                    class="rdp-cell"
                  >
                    <button
                      class="rdp-button_reset rdp-button rdp-day"
                      tabindex="-1"
                      type="button"
                    >
                      <span
                        aria-hidden="true"
                      >
                        9
                      </span>
                      <span
                        class="rdp-vhidden"
                      >
                        9º março (quarta-feira)
                      </span>
                    </button>
                  </td>
                  <td
                    class="rdp-cell"
                  >
                    <button
                      class="rdp-button_reset rdp-button rdp-day"
                      tabindex="-1"
                      type="button"
                    >
                      <span
                        aria-hidden="true"
                      >
                        10
                      </span>
                      <span
                        class="rdp-vhidden"
                      >
                        10º março (quinta-feira)
                      </span>
                    </button>
                  </td>
                  <td
                    class="rdp-cell"
                  >
                    <button
                      class="rdp-button_reset rdp-button rdp-day"
                      tabindex="-1"
                      type="button"
                    >
                      <span
                        aria-hidden="true"
                      >
                        11
                      </span>
                      <span
                        class="rdp-vhidden"
                      >
                        11º março (sexta-feira)
                      </span>
                    </button>
                  </td>
                  <td
                    class="rdp-cell"
                  >
                    <button
                      class="rdp-button_reset rdp-button rdp-day"
                      tabindex="-1"
                      type="button"
                    >
                      <span
                        aria-hidden="true"
                      >
                        12
                      </span>
                      <span
                        class="rdp-vhidden"
                      >
                        12º março (sábado)
                      </span>
                    </button>
                  </td>
                </tr>
                <tr
                  class="rdp-row"
                >
                  <td
                    class="rdp-cell"
                  >
                    <button
                      class="rdp-button_reset rdp-button rdp-day"
                      tabindex="-1"
                      type="button"
                    >
                      <span
                        aria-hidden="true"
                      >
                        13
                      </span>
                      <span
                        class="rdp-vhidden"
                      >
                        13º março (domingo)
                      </span>
                    </button>
                  </td>
                  <td
                    class="rdp-cell"
                  >
                    <button
                      class="rdp-button_reset rdp-button rdp-day"
                      tabindex="-1"
                      type="button"
                    >
                      <span
                        aria-hidden="true"
                      >
                        14
                      </span>
                      <span
                        class="rdp-vhidden"
                      >
                        14º março (segunda-feira)
                      </span>
                    </button>
                  </td>
                  <td
                    class="rdp-cell"
                  >
                    <button
                      class="rdp-button_reset rdp-button rdp-day"
                      tabindex="-1"
                      type="button"
                    >
                      <span
                        aria-hidden="true"
                      >
                        15
                      </span>
                      <span
                        class="rdp-vhidden"
                      >
                        15º março (terça-feira)
                      </span>
                    </button>
                  </td>
                  <td
                    class="rdp-cell"
                  >
                    <button
                      class="rdp-button_reset rdp-button rdp-day"
                      tabindex="-1"
                      type="button"
                    >
                      <span
                        aria-hidden="true"
                      >
                        16
                      </span>
                      <span
                        class="rdp-vhidden"
                      >
                        16º março (quarta-feira)
                      </span>
                    </button>
                  </td>
                  <td
                    class="rdp-cell"
                  >
                    <button
                      class="rdp-button_reset rdp-button rdp-day"
                      tabindex="-1"
                      type="button"
                    >
                      <span
                        aria-hidden="true"
                      >
                        17
                      </span>
                      <span
                        class="rdp-vhidden"
                      >
                        17º março (quinta-feira)
                      </span>
                    </button>
                  </td>
                  <td
                    class="rdp-cell"
                  >
                    <button
                      class="rdp-button_reset rdp-button rdp-day"
                      tabindex="-1"
                      type="button"
                    >
                      <span
                        aria-hidden="true"
                      >
                        18
                      </span>
                      <span
                        class="rdp-vhidden"
                      >
                        18º março (sexta-feira)
                      </span>
                    </button>
                  </td>
                  <td
                    class="rdp-cell"
                  >
                    <button
                      class="rdp-button_reset rdp-button rdp-day"
                      tabindex="-1"
                      type="button"
                    >
                      <span
                        aria-hidden="true"
                      >
                        19
                      </span>
                      <span
                        class="rdp-vhidden"
                      >
                        19º março (sábado)
                      </span>
                    </button>
                  </td>
                </tr>
                <tr
                  class="rdp-row"
                >
                  <td
                    class="rdp-cell"
                  >
                    <button
                      class="rdp-button_reset rdp-button rdp-day"
                      tabindex="-1"
                      type="button"
                    >
                      <span
                        aria-hidden="true"
                      >
                        20
                      </span>
                      <span
                        class="rdp-vhidden"
                      >
                        20º março (domingo)
                      </span>
                    </button>
                  </td>
                  <td
                    class="rdp-cell"
                  >
                    <button
                      class="rdp-button_reset rdp-button rdp-day"
                      tabindex="-1"
                      type="button"
                    >
                      <span
                        aria-hidden="true"
                      >
                        21
                      </span>
                      <span
                        class="rdp-vhidden"
                      >
                        21º março (segunda-feira)
                      </span>
                    </button>
                  </td>
                  <td
                    class="rdp-cell"
                  >
                    <button
                      class="rdp-button_reset rdp-button rdp-day"
                      tabindex="-1"
                      type="button"
                    >
                      <span
                        aria-hidden="true"
                      >
                        22
                      </span>
                      <span
                        class="rdp-vhidden"
                      >
                        22º março (terça-feira)
                      </span>
                    </button>
                  </td>
                  <td
                    class="rdp-cell"
                  >
                    <button
                      class="rdp-button_reset rdp-button rdp-day"
                      tabindex="-1"
                      type="button"
                    >
                      <span
                        aria-hidden="true"
                      >
                        23
                      </span>
                      <span
                        class="rdp-vhidden"
                      >
                        23º março (quarta-feira)
                      </span>
                    </button>
                  </td>
                  <td
                    class="rdp-cell"
                  >
                    <button
                      class="rdp-button_reset rdp-button rdp-day"
                      tabindex="-1"
                      type="button"
                    >
                      <span
                        aria-hidden="true"
                      >
                        24
                      </span>
                      <span
                        class="rdp-vhidden"
                      >
                        24º março (quinta-feira)
                      </span>
                    </button>
                  </td>
                  <td
                    class="rdp-cell"
                  >
                    <button
                      class="rdp-button_reset rdp-button rdp-day rdp-day_today"
                      tabindex="0"
                      type="button"
                    >
                      <span
                        aria-hidden="true"
                      >
                        25
                      </span>
                      <span
                        class="rdp-vhidden"
                      >
                        25º março (sexta-feira)
                      </span>
                    </button>
                  </td>
                  <td
                    class="rdp-cell"
                  >
                    <button
                      class="rdp-button_reset rdp-button rdp-day"
                      tabindex="-1"
                      type="button"
                    >
                      <span
                        aria-hidden="true"
                      >
                        26
                      </span>
                      <span
                        class="rdp-vhidden"
                      >
                        26º março (sábado)
                      </span>
                    </button>
                  </td>
                </tr>
                <tr
                  class="rdp-row"
                >
                  <td
                    class="rdp-cell"
                  >
                    <button
                      class="rdp-button_reset rdp-button rdp-day"
                      tabindex="-1"
                      type="button"
                    >
                      <span
                        aria-hidden="true"
                      >
                        27
                      </span>
                      <span
                        class="rdp-vhidden"
                      >
                        27º março (domingo)
                      </span>
                    </button>
                  </td>
                  <td
                    class="rdp-cell"
                  >
                    <button
                      class="rdp-button_reset rdp-button rdp-day"
                      tabindex="-1"
                      type="button"
                    >
                      <span
                        aria-hidden="true"
                      >
                        28
                      </span>
                      <span
                        class="rdp-vhidden"
                      >
                        28º março (segunda-feira)
                      </span>
                    </button>
                  </td>
                  <td
                    class="rdp-cell"
                  >
                    <button
                      class="rdp-button_reset rdp-button rdp-day"
                      tabindex="-1"
                      type="button"
                    >
                      <span
                        aria-hidden="true"
                      >
                        29
                      </span>
                      <span
                        class="rdp-vhidden"
                      >
                        29º março (terça-feira)
                      </span>
                    </button>
                  </td>
                  <td
                    class="rdp-cell"
                  >
                    <button
                      class="rdp-button_reset rdp-button rdp-day"
                      tabindex="-1"
                      type="button"
                    >
                      <span
                        aria-hidden="true"
                      >
                        30
                      </span>
                      <span
                        class="rdp-vhidden"
                      >
                        30º março (quarta-feira)
                      </span>
                    </button>
                  </td>
                  <td
                    class="rdp-cell"
                  >
                    <button
                      class="rdp-button_reset rdp-button rdp-day"
                      tabindex="-1"
                      type="button"
                    >
                      <span
                        aria-hidden="true"
                      >
                        31
                      </span>
                      <span
                        class="rdp-vhidden"
                      >
                        31º março (quinta-feira)
                      </span>
                    </button>
                  </td>
                  <td
                    class="rdp-cell"
                  >
                    <button
                      class="rdp-button_reset rdp-button rdp-day rdp-day_outside"
                      tabindex="-1"
                      type="button"
                    >
                      <span
                        aria-hidden="true"
                      >
                        1
                      </span>
                      <span
                        class="rdp-vhidden"
                      >
                        1º abril (sexta-feira)
                      </span>
                    </button>
                  </td>
                  <td
                    class="rdp-cell"
                  >
                    <button
                      class="rdp-button_reset rdp-button rdp-day rdp-day_outside"
                      tabindex="-1"
                      type="button"
                    >
                      <span
                        aria-hidden="true"
                      >
                        2
                      </span>
                      <span
                        class="rdp-vhidden"
                      >
                        2º abril (sábado)
                      </span>
                    </button>
                  </td>
                </tr>
              </tbody>
            </table>
          </div>
        </div>
      </div>
    </div>
  </div>
</div>
`;
