// Jest Snapshot v1, https://goo.gl/fbAQLP

exports[`<TimePicker /> should render snapshot correctly 1`] = `
<div>
  <div
    class="sc-bdvvtL kERQPB"
  >
    <div
      class="sc-gsDKAQ exAgPM"
    >
      <input
        class="sc-hKwDye eXbYmh"
        max="23"
        min="0"
        placeholder="00"
        type="number"
        value=""
      />
      :
      <input
        class="sc-hKwDye eXbYmh"
        max="59"
        min="0"
        placeholder="00"
        type="number"
        value="00"
      />
    </div>
    <div
      class="sc-dkPtRN gCQowS"
    >
      <div
        class="sc-eCImPb aGLdi"
      >
        <ul>
          <li>
            <button
              class="sc-jRQBWg NafIA"
              id="00"
              type="button"
              value="00"
            >
              00
            </button>
          </li>
          <li>
            <button
              class="sc-jRQBWg NafIA"
              id="01"
              type="button"
              value="01"
            >
              01
            </button>
          </li>
          <li>
            <button
              class="sc-jRQBWg NafIA"
              id="02"
              type="button"
              value="02"
            >
              02
            </button>
          </li>
          <li>
            <button
              class="sc-jRQBWg NafIA"
              id="03"
              type="button"
              value="03"
            >
              03
            </button>
          </li>
          <li>
            <button
              class="sc-jRQBWg NafIA"
              id="04"
              type="button"
              value="04"
            >
              04
            </button>
          </li>
          <li>
            <button
              class="sc-jRQBWg NafIA"
              id="05"
              type="button"
              value="05"
            >
              05
            </button>
          </li>
          <li>
            <button
              class="sc-jRQBWg NafIA"
              id="06"
              type="button"
              value="06"
            >
              06
            </button>
          </li>
          <li>
            <button
              class="sc-jRQBWg NafIA"
              id="07"
              type="button"
              value="07"
            >
              07
            </button>
          </li>
          <li>
            <button
              class="sc-jRQBWg NafIA"
              id="08"
              type="button"
              value="08"
            >
              08
            </button>
          </li>
          <li>
            <button
              class="sc-jRQBWg NafIA"
              id="09"
              type="button"
              value="09"
            >
              09
            </button>
          </li>
          <li>
            <button
              class="sc-jRQBWg NafIA"
              id="10"
              type="button"
              value="10"
            >
              10
            </button>
          </li>
          <li>
            <button
              class="sc-jRQBWg NafIA"
              id="11"
              type="button"
              value="11"
            >
              11
            </button>
          </li>
          <li>
            <button
              class="sc-jRQBWg NafIA"
              id="12"
              type="button"
              value="12"
            >
              12
            </button>
          </li>
          <li>
            <button
              class="sc-jRQBWg NafIA"
              id="13"
              type="button"
              value="13"
            >
              13
            </button>
          </li>
          <li>
            <button
              class="sc-jRQBWg NafIA"
              id="14"
              type="button"
              value="14"
            >
              14
            </button>
          </li>
          <li>
            <button
              class="sc-jRQBWg NafIA"
              id="15"
              type="button"
              value="15"
            >
              15
            </button>
          </li>
          <li>
            <button
              class="sc-jRQBWg NafIA"
              id="16"
              type="button"
              value="16"
            >
              16
            </button>
          </li>
          <li>
            <button
              class="sc-jRQBWg NafIA"
              id="17"
              type="button"
              value="17"
            >
              17
            </button>
          </li>
          <li>
            <button
              class="sc-jRQBWg NafIA"
              id="18"
              type="button"
              value="18"
            >
              18
            </button>
          </li>
          <li>
            <button
              class="sc-jRQBWg NafIA"
              id="19"
              type="button"
              value="19"
            >
              19
            </button>
          </li>
          <li>
            <button
              class="sc-jRQBWg NafIA"
              id="20"
              type="button"
              value="20"
            >
              20
            </button>
          </li>
          <li>
            <button
              class="sc-jRQBWg NafIA"
              id="21"
              type="button"
              value="21"
            >
              21
            </button>
          </li>
          <li>
            <button
              class="sc-jRQBWg NafIA"
              id="22"
              type="button"
              value="22"
            >
              22
            </button>
          </li>
          <li>
            <button
              class="sc-jRQBWg NafIA"
              id="23"
              type="button"
              value="23"
            >
              23
            </button>
          </li>
        </ul>
      </div>
      <div
        class="sc-eCImPb aGLdi"
      >
        <ul>
          <li>
            <button
              class="sc-jRQBWg NafIA"
              id="00"
              type="button"
              value="00"
            >
              00
            </button>
          </li>
          <li>
            <button
              class="sc-jRQBWg NafIA"
              id="01"
              type="button"
              value="01"
            >
              01
            </button>
          </li>
          <li>
            <button
              class="sc-jRQBWg NafIA"
              id="02"
              type="button"
              value="02"
            >
              02
            </button>
          </li>
          <li>
            <button
              class="sc-jRQBWg NafIA"
              id="03"
              type="button"
              value="03"
            >
              03
            </button>
          </li>
          <li>
            <button
              class="sc-jRQBWg NafIA"
              id="04"
              type="button"
              value="04"
            >
              04
            </button>
          </li>
          <li>
            <button
              class="sc-jRQBWg NafIA"
              id="05"
              type="button"
              value="05"
            >
              05
            </button>
          </li>
          <li>
            <button
              class="sc-jRQBWg NafIA"
              id="06"
              type="button"
              value="06"
            >
              06
            </button>
          </li>
          <li>
            <button
              class="sc-jRQBWg NafIA"
              id="07"
              type="button"
              value="07"
            >
              07
            </button>
          </li>
          <li>
            <button
              class="sc-jRQBWg NafIA"
              id="08"
              type="button"
              value="08"
            >
              08
            </button>
          </li>
          <li>
            <button
              class="sc-jRQBWg NafIA"
              id="09"
              type="button"
              value="09"
            >
              09
            </button>
          </li>
          <li>
            <button
              class="sc-jRQBWg NafIA"
              id="10"
              type="button"
              value="10"
            >
              10
            </button>
          </li>
          <li>
            <button
              class="sc-jRQBWg NafIA"
              id="11"
              type="button"
              value="11"
            >
              11
            </button>
          </li>
          <li>
            <button
              class="sc-jRQBWg NafIA"
              id="12"
              type="button"
              value="12"
            >
              12
            </button>
          </li>
          <li>
            <button
              class="sc-jRQBWg NafIA"
              id="13"
              type="button"
              value="13"
            >
              13
            </button>
          </li>
          <li>
            <button
              class="sc-jRQBWg NafIA"
              id="14"
              type="button"
              value="14"
            >
              14
            </button>
          </li>
          <li>
            <button
              class="sc-jRQBWg NafIA"
              id="15"
              type="button"
              value="15"
            >
              15
            </button>
          </li>
          <li>
            <button
              class="sc-jRQBWg NafIA"
              id="16"
              type="button"
              value="16"
            >
              16
            </button>
          </li>
          <li>
            <button
              class="sc-jRQBWg NafIA"
              id="17"
              type="button"
              value="17"
            >
              17
            </button>
          </li>
          <li>
            <button
              class="sc-jRQBWg NafIA"
              id="18"
              type="button"
              value="18"
            >
              18
            </button>
          </li>
          <li>
            <button
              class="sc-jRQBWg NafIA"
              id="19"
              type="button"
              value="19"
            >
              19
            </button>
          </li>
          <li>
            <button
              class="sc-jRQBWg NafIA"
              id="20"
              type="button"
              value="20"
            >
              20
            </button>
          </li>
          <li>
            <button
              class="sc-jRQBWg NafIA"
              id="21"
              type="button"
              value="21"
            >
              21
            </button>
          </li>
          <li>
            <button
              class="sc-jRQBWg NafIA"
              id="22"
              type="button"
              value="22"
            >
              22
            </button>
          </li>
          <li>
            <button
              class="sc-jRQBWg NafIA"
              id="23"
              type="button"
              value="23"
            >
              23
            </button>
          </li>
          <li>
            <button
              class="sc-jRQBWg NafIA"
              id="24"
              type="button"
              value="24"
            >
              24
            </button>
          </li>
          <li>
            <button
              class="sc-jRQBWg NafIA"
              id="25"
              type="button"
              value="25"
            >
              25
            </button>
          </li>
          <li>
            <button
              class="sc-jRQBWg NafIA"
              id="26"
              type="button"
              value="26"
            >
              26
            </button>
          </li>
          <li>
            <button
              class="sc-jRQBWg NafIA"
              id="27"
              type="button"
              value="27"
            >
              27
            </button>
          </li>
          <li>
            <button
              class="sc-jRQBWg NafIA"
              id="28"
              type="button"
              value="28"
            >
              28
            </button>
          </li>
          <li>
            <button
              class="sc-jRQBWg NafIA"
              id="29"
              type="button"
              value="29"
            >
              29
            </button>
          </li>
          <li>
            <button
              class="sc-jRQBWg NafIA"
              id="30"
              type="button"
              value="30"
            >
              30
            </button>
          </li>
          <li>
            <button
              class="sc-jRQBWg NafIA"
              id="31"
              type="button"
              value="31"
            >
              31
            </button>
          </li>
          <li>
            <button
              class="sc-jRQBWg NafIA"
              id="32"
              type="button"
              value="32"
            >
              32
            </button>
          </li>
          <li>
            <button
              class="sc-jRQBWg NafIA"
              id="33"
              type="button"
              value="33"
            >
              33
            </button>
          </li>
          <li>
            <button
              class="sc-jRQBWg NafIA"
              id="34"
              type="button"
              value="34"
            >
              34
            </button>
          </li>
          <li>
            <button
              class="sc-jRQBWg NafIA"
              id="35"
              type="button"
              value="35"
            >
              35
            </button>
          </li>
          <li>
            <button
              class="sc-jRQBWg NafIA"
              id="36"
              type="button"
              value="36"
            >
              36
            </button>
          </li>
          <li>
            <button
              class="sc-jRQBWg NafIA"
              id="37"
              type="button"
              value="37"
            >
              37
            </button>
          </li>
          <li>
            <button
              class="sc-jRQBWg NafIA"
              id="38"
              type="button"
              value="38"
            >
              38
            </button>
          </li>
          <li>
            <button
              class="sc-jRQBWg NafIA"
              id="39"
              type="button"
              value="39"
            >
              39
            </button>
          </li>
          <li>
            <button
              class="sc-jRQBWg NafIA"
              id="40"
              type="button"
              value="40"
            >
              40
            </button>
          </li>
          <li>
            <button
              class="sc-jRQBWg NafIA"
              id="41"
              type="button"
              value="41"
            >
              41
            </button>
          </li>
          <li>
            <button
              class="sc-jRQBWg NafIA"
              id="42"
              type="button"
              value="42"
            >
              42
            </button>
          </li>
          <li>
            <button
              class="sc-jRQBWg NafIA"
              id="43"
              type="button"
              value="43"
            >
              43
            </button>
          </li>
          <li>
            <button
              class="sc-jRQBWg NafIA"
              id="44"
              type="button"
              value="44"
            >
              44
            </button>
          </li>
          <li>
            <button
              class="sc-jRQBWg NafIA"
              id="45"
              type="button"
              value="45"
            >
              45
            </button>
          </li>
          <li>
            <button
              class="sc-jRQBWg NafIA"
              id="46"
              type="button"
              value="46"
            >
              46
            </button>
          </li>
          <li>
            <button
              class="sc-jRQBWg NafIA"
              id="47"
              type="button"
              value="47"
            >
              47
            </button>
          </li>
          <li>
            <button
              class="sc-jRQBWg NafIA"
              id="48"
              type="button"
              value="48"
            >
              48
            </button>
          </li>
          <li>
            <button
              class="sc-jRQBWg NafIA"
              id="49"
              type="button"
              value="49"
            >
              49
            </button>
          </li>
          <li>
            <button
              class="sc-jRQBWg NafIA"
              id="50"
              type="button"
              value="50"
            >
              50
            </button>
          </li>
          <li>
            <button
              class="sc-jRQBWg NafIA"
              id="51"
              type="button"
              value="51"
            >
              51
            </button>
          </li>
          <li>
            <button
              class="sc-jRQBWg NafIA"
              id="52"
              type="button"
              value="52"
            >
              52
            </button>
          </li>
          <li>
            <button
              class="sc-jRQBWg NafIA"
              id="53"
              type="button"
              value="53"
            >
              53
            </button>
          </li>
          <li>
            <button
              class="sc-jRQBWg NafIA"
              id="54"
              type="button"
              value="54"
            >
              54
            </button>
          </li>
          <li>
            <button
              class="sc-jRQBWg NafIA"
              id="55"
              type="button"
              value="55"
            >
              55
            </button>
          </li>
          <li>
            <button
              class="sc-jRQBWg NafIA"
              id="56"
              type="button"
              value="56"
            >
              56
            </button>
          </li>
          <li>
            <button
              class="sc-jRQBWg NafIA"
              id="57"
              type="button"
              value="57"
            >
              57
            </button>
          </li>
          <li>
            <button
              class="sc-jRQBWg NafIA"
              id="58"
              type="button"
              value="58"
            >
              58
            </button>
          </li>
          <li>
            <button
              class="sc-jRQBWg NafIA"
              id="59"
              type="button"
              value="59"
            >
              59
            </button>
          </li>
        </ul>
      </div>
    </div>
  </div>
</div>
`;
