// Jest Snapshot v1, https://goo.gl/fbAQLP

exports[`<Stepper /> should render snapshot correctly 1`] = `
<div
  aria-valuemax="2"
  aria-valuemin="0"
  aria-valuenow="1"
  class="sc-gsDKAQ izhBFr"
  role="progressbar"
>
  <div
    class="sc-eCImPb iaNlVH"
  >
    <div
      class="sc-dkPtRN cSPfZK"
    >
      1
    </div>
  </div>
  <div
    class="sc-eCImPb hlAqBX"
  >
    <div
      class="sc-dkPtRN jtntGW"
    >
      2
    </div>
  </div>
</div>
`;
