// Jest Snapshot v1, https://goo.gl/fbAQLP

exports[`<ButtonIcon /> should render snapshot correctly 1`] = `
<div>
  <button
    class="sc-dkPtRN sc-hKwDye eJTmpz gYtlbe"
  >
    <div
      class="sc-bdvvtL bYGNWJ"
      data-icon-name="search"
    >
      <div>
        mock svg
      </div>
    </div>
  </button>
  <button
    class="sc-dkPtRN sc-hKwDye hOGJLu gYtlbe"
  >
    <div
      class="sc-bdvvtL bYGNWJ"
      data-icon-name="minus"
    >
      <div>
        mock svg
      </div>
    </div>
  </button>
  <button
    class="sc-dkPtRN sc-hKwDye eJTmpz gYtlbe"
    title="title test"
  >
    <div
      class="sc-bdvvtL bYGNWJ"
      data-icon-name="view"
    >
      <div>
        mock svg
      </div>
    </div>
  </button>
  <button
    class="sc-dkPtRN sc-hKwDye eJTmpz gYtlbe"
    disabled=""
    title="title test"
  >
    <div
      class="sc-bdvvtL bYGNWJ"
      data-icon-name="view"
    >
      <div>
        mock svg
      </div>
    </div>
  </button>
  <button
    class="sc-dkPtRN sc-hKwDye eJTmpz gYtlbe"
  >
    <div
      class="sc-gsDKAQ cbKTir"
    >
      <div
        class="sc-bdvvtL bYGNWJ"
        data-icon-name="spinnerSolid"
      >
        <div>
          mock svg
        </div>
      </div>
    </div>
  </button>
</div>
`;
