// Jest Snapshot v1, https://goo.gl/fbAQLP

exports[`<Icon /> should render snapshot correctly 1`] = `
<div
  data-icon-name="alertInfo"
  style="display: inline-flex; align-items: center; justify-content: center;"
>
  <svg
    fill="none"
    height="16px"
    viewBox="0 0 24 24"
    width="16px"
    xmlns="http://www.w3.org/2000/svg"
  >
    <circle
      cx="12"
      cy="12"
      r="11"
      stroke="currentColor"
      stroke-width="2"
    />
    <path
      d="M12 7V12"
      stroke="currentColor"
      stroke-linecap="round"
      stroke-linejoin="round"
      stroke-width="2"
    />
    <path
      d="M12 16V16.5"
      stroke="currentColor"
      stroke-linecap="round"
      stroke-linejoin="round"
      stroke-width="2"
    />
  </svg>
</div>
`;
