// Jest Snapshot v1, https://goo.gl/fbAQLP

exports[`<IncrementStepper /> should render snapshot correctly 1`] = `
<div>
  <div
    class="sc-dkPtRN hPjXWK"
  >
    <button
      class="sc-gsDKAQ cIQQgU sc-eCImPb irpKkc"
      type="button"
    >
      <div
        class="sc-bdvvtL hBtBol"
        data-icon-name="minus"
      >
        <svg
          fill="none"
          viewBox="0 0 21 2"
          xmlns="http://www.w3.org/2000/svg"
        >
          <path
            d="M1.79199 1L20.0003 1"
            stroke="currentColor"
            stroke-linecap="round"
            stroke-linejoin="round"
            stroke-width="2"
          />
        </svg>
      </div>
    </button>
    <input
      class="sc-hKwDye fcPFVX"
      type="text"
      value="10"
    />
    <button
      class="sc-gsDKAQ cIQQgU sc-eCImPb irpKkc"
      type="button"
    >
      <div
        class="sc-bdvvtL hBtBol"
        data-icon-name="plus"
      >
        <svg
          fill="none"
          viewBox="0 0 20 20"
          xmlns="http://www.w3.org/2000/svg"
        >
          <path
            d="M10 1V19"
            stroke="currentColor"
            stroke-linecap="round"
            stroke-linejoin="round"
            stroke-width="2"
          />
          <path
            d="M1 10L19 10"
            stroke="currentColor"
            stroke-linecap="round"
            stroke-linejoin="round"
            stroke-width="2"
          />
        </svg>
      </div>
    </button>
  </div>
</div>
`;
