// Jest Snapshot v1, https://goo.gl/fbAQLP

exports[`<Textarea /> should render snapshot correctly 1`] = `
<div
  class="sc-gKclnd MTxUU"
>
  <textarea
    class="sc-iCfMLu hsjtxZ"
    rows="2"
  >
    Text message
  </textarea>
  <label
    class="sc-pVTFL rWoKE"
  >
    Text label
  </label>
  <button
    class="sc-gsDKAQ cIQQgU sc-furwcr khkiIC"
    type="button"
  >
    <div
      class="sc-bdvvtL dvngfV"
      data-icon-name="times"
    >
      <div>
        mock svg
      </div>
    </div>
  </button>
</div>
`;
