// Jest Snapshot v1, https://goo.gl/fbAQLP

exports[`<DropdownIcon /> should render snapshot correctly 1`] = `
<div
  class="sc-dkzDqf hUMDeT"
>
  <div
    class="sc-hKMtZM"
  >
    <button
      class="sc-gsnTZi gxeoBA"
    >
      <div
        data-icon-name="more"
        style="display: inline-flex; align-items: center; justify-content: center;"
      >
        <svg
          fill="none"
          height="16px"
          viewBox="0 0 24 24"
          width="16px"
          xmlns="http://www.w3.org/2000/svg"
        >
          <circle
            cx="7"
            cy="12"
            fill="currentColor"
            r="2"
            transform="rotate(-90 7 12)"
          />
          <circle
            cx="17"
            cy="12"
            fill="currentColor"
            r="2"
            transform="rotate(-90 17 12)"
          />
        </svg>
      </div>
    </button>
  </div>
</div>
`;
