// Jest Snapshot v1, https://goo.gl/fbAQLP

exports[`<Table /> should render snapshot correctly 1`] = `
<ul
  class="sc-bczRLJ DrHKg"
>
  <li
    class="sc-eCYdqJ jJciug"
  >
    <div
      class="sc-jSMfEi jnpQNV"
    >
      <div
        class="sc-gKXOVf iytaLG wc-table-cell"
      >
        <div>
          Head 1
        </div>
      </div>
      <div
        class="sc-gKXOVf iytaLG wc-table-cell"
        role="button"
        tabindex="0"
      >
        <div>
          Head 2
          <div
            class="sc-iBkjds cOOvXG"
            data-icon-name="sort"
            style="display: inline-flex; align-items: center; justify-content: center;"
          >
            <svg
              height="12px"
              viewBox="-96 0 512 512"
              width="12px"
              xmlns="http://www.w3.org/2000/svg"
            >
              <path
                d="M41 288h238c21.4 0 32.1 25.9 17 41L177 448c-9.4 9.4-24.6 9.4-33.9 0L24 329c-15.1-15.1-4.4-41 17-41zm255-105L177 64c-9.4-9.4-24.6-9.4-33.9 0L24 183c-15.1 15.1-4.4 41 17 41h238c21.4 0 32.1-25.9 17-41z"
                fill="currentColor"
              />
            </svg>
          </div>
        </div>
      </div>
      <div
        class="sc-gKXOVf iytaLG wc-table-cell"
        role="button"
        tabindex="0"
      >
        <div>
          Head 3
          <div
            class="sc-iBkjds cOOvXG"
            data-icon-name="sort"
            style="display: inline-flex; align-items: center; justify-content: center;"
          >
            <svg
              height="12px"
              viewBox="-96 0 512 512"
              width="12px"
              xmlns="http://www.w3.org/2000/svg"
            >
              <path
                d="M41 288h238c21.4 0 32.1 25.9 17 41L177 448c-9.4 9.4-24.6 9.4-33.9 0L24 329c-15.1-15.1-4.4-41 17-41zm255-105L177 64c-9.4-9.4-24.6-9.4-33.9 0L24 183c-15.1 15.1-4.4 41 17 41h238c21.4 0 32.1-25.9 17-41z"
                fill="currentColor"
              />
            </svg>
          </div>
        </div>
      </div>
      <div
        class="sc-gKXOVf iytaLG wc-table-cell"
      >
        <div>
          Head 4
        </div>
      </div>
    </div>
  </li>
  <li
    class="sc-gsnTZi hrskKg"
    role="button"
  >
    <div
      class="sc-dkzDqf FmEcj"
    >
      <div
        class="sc-hKMtZM iaErHW wc-table-cell"
      >
        <div>
          Warning
        </div>
      </div>
      <div
        class="sc-hKMtZM lbUTJH wc-table-cell wc-table-cell-solid"
      >
        <div>
          Clickable
        </div>
      </div>
      <div
        class="sc-hKMtZM lbUTJH wc-table-cell wc-table-cell-solid"
      >
        <div>
          Item 3
        </div>
      </div>
      <div
        class="sc-hKMtZM lbUTJH wc-table-cell wc-table-cell-solid"
      >
        <div>
          Proin viverra justo vitae aliquam pulvinar. Interdum et malesuada fames ac ante ipsum primis in faucibus.
        </div>
      </div>
    </div>
  </li>
  <li
    class="sc-gsnTZi fXkVkn"
  >
    <div
      class="sc-dkzDqf FmEcj"
    >
      <div
        class="sc-hKMtZM iaErHW wc-table-cell"
      >
        <div>
          Error!
        </div>
      </div>
      <div
        class="sc-hKMtZM lbUTJH wc-table-cell wc-table-cell-solid"
      >
        <div>
          Item 2
        </div>
      </div>
      <div
        class="sc-hKMtZM lbUTJH wc-table-cell wc-table-cell-solid"
      >
        <div>
          Item 3
        </div>
      </div>
      <div
        class="sc-hKMtZM lbUTJH wc-table-cell wc-table-cell-solid"
      >
        <div>
          Phasellus vel velit et mi eleifend dignissim. Duis vitae mi magna. Proin in feugiat urna.
        </div>
      </div>
    </div>
  </li>
  <li
    class="sc-gsnTZi egEhph"
  >
    <div
      class="sc-dkzDqf FmEcj"
    >
      <div
        class="sc-hKMtZM iaErHW wc-table-cell"
      >
        <div>
          Item 1
        </div>
      </div>
      <div
        class="sc-hKMtZM lbUTJH wc-table-cell wc-table-cell-solid"
      >
        <div>
          Item 2
        </div>
      </div>
      <div
        class="sc-hKMtZM lbUTJH wc-table-cell wc-table-cell-solid"
      >
        <div>
          Item 3
        </div>
      </div>
      <div
        class="sc-hKMtZM lbUTJH wc-table-cell wc-table-cell-solid"
      >
        <div>
          Orci varius natoque penatibus et magnis dis parturient montes, nascetur ridiculus mus.
        </div>
      </div>
    </div>
  </li>
  <li
    class="sc-gsnTZi eqNxxE"
  >
    <div
      class="sc-dkzDqf FmEcj"
    >
      <div
        class="sc-hKMtZM lbUTJH wc-table-cell wc-table-cell-solid"
      >
        <div>
          Item 1
        </div>
      </div>
      <div
        class="sc-hKMtZM lbUTJH wc-table-cell wc-table-cell-solid"
      >
        <div>
          Item 2
        </div>
      </div>
      <div
        class="sc-hKMtZM lbUTJH wc-table-cell wc-table-cell-solid"
      >
        <div>
          Item 3
        </div>
      </div>
      <div
        class="sc-hKMtZM lbUTJH wc-table-cell wc-table-cell-solid"
      >
        <div>
          Nulla iaculis, erat ultrices egestas pretium, metus augue efficitur massa, blandit elementum arcu dolor at erat.
        </div>
      </div>
    </div>
  </li>
  <li
    class="sc-gsnTZi eqNxxE"
  >
    <div
      class="sc-dkzDqf FmEcj"
    >
      <div
        class="sc-hKMtZM lbUTJH wc-table-cell wc-table-cell-solid"
      >
        <div>
          Item 1
        </div>
      </div>
      <div
        class="sc-hKMtZM lbUTJH wc-table-cell wc-table-cell-solid"
      >
        <div>
          Item 2
        </div>
      </div>
      <div
        class="sc-hKMtZM lbUTJH wc-table-cell wc-table-cell-solid"
      >
        <div>
          Item 3
        </div>
      </div>
      <div
        class="sc-hKMtZM lbUTJH wc-table-cell wc-table-cell-solid"
      >
        <div>
          Item 4
        </div>
      </div>
    </div>
  </li>
  <li
    class="sc-gsnTZi eqNxxE"
  >
    <div
      class="sc-dkzDqf gGIQir"
    >
      <div
        class="sc-hKMtZM lbUTJH wc-table-cell wc-table-cell-solid"
      >
        <div>
          Item 1
        </div>
      </div>
      <div
        class="sc-hKMtZM lbUTJH wc-table-cell wc-table-cell-solid"
      >
        <div>
          Item 2
        </div>
      </div>
    </div>
  </li>
</ul>
`;
