// Jest Snapshot v1, https://goo.gl/fbAQLP

exports[`<Table /> should render snapshot correctly 1`] = `
<ul
  class="sc-bdvvtL cvfeBv"
>
  <li
    class="sc-eCImPb dfihNe"
  >
    <div
      class="sc-jRQBWg efedTK"
    >
      <div
        class="sc-iCfMLu hBVVuY wc-table-cell"
      >
        <div>
          Head 1
        </div>
      </div>
      <div
        class="sc-iCfMLu hBVVuY wc-table-cell"
        role="button"
        tabindex="0"
      >
        <div>
          Head 2
          <div
            class="sc-gKclnd fechly sc-furwcr kFaARC"
            data-icon-name="sort"
          >
            <svg
              viewBox="-96 0 512 512"
              xmlns="http://www.w3.org/2000/svg"
            >
              <path
                d="M41 288h238c21.4 0 32.1 25.9 17 41L177 448c-9.4 9.4-24.6 9.4-33.9 0L24 329c-15.1-15.1-4.4-41 17-41zm255-105L177 64c-9.4-9.4-24.6-9.4-33.9 0L24 183c-15.1 15.1-4.4 41 17 41h238c21.4 0 32.1-25.9 17-41z"
                fill="currentColor"
              />
            </svg>
          </div>
        </div>
      </div>
      <div
        class="sc-iCfMLu hBVVuY wc-table-cell"
        role="button"
        tabindex="0"
      >
        <div>
          Head 3
          <div
            class="sc-gKclnd fechly sc-furwcr kFaARC"
            data-icon-name="sort"
          >
            <svg
              viewBox="-96 0 512 512"
              xmlns="http://www.w3.org/2000/svg"
            >
              <path
                d="M41 288h238c21.4 0 32.1 25.9 17 41L177 448c-9.4 9.4-24.6 9.4-33.9 0L24 329c-15.1-15.1-4.4-41 17-41zm255-105L177 64c-9.4-9.4-24.6-9.4-33.9 0L24 183c-15.1 15.1-4.4 41 17 41h238c21.4 0 32.1-25.9 17-41z"
                fill="currentColor"
              />
            </svg>
          </div>
        </div>
      </div>
      <div
        class="sc-iCfMLu hBVVuY wc-table-cell"
      >
        <div>
          Head 4
        </div>
      </div>
    </div>
  </li>
  <li
    class="sc-gsDKAQ cVUWzY"
    role="button"
  >
    <div
      class="sc-dkPtRN oQTeg"
    >
      <div
        class="sc-hKwDye hKxfRJ wc-table-cell"
      >
        <div>
          Warning
        </div>
      </div>
      <div
        class="sc-hKwDye eDPjSw wc-table-cell wc-table-cell-solid"
      >
        <div>
          Clickable
        </div>
      </div>
      <div
        class="sc-hKwDye eDPjSw wc-table-cell wc-table-cell-solid"
      >
        <div>
          Item 3
        </div>
      </div>
      <div
        class="sc-hKwDye eDPjSw wc-table-cell wc-table-cell-solid"
      >
        <div>
          Proin viverra justo vitae aliquam pulvinar. Interdum et malesuada fames ac ante ipsum primis in faucibus.
        </div>
      </div>
    </div>
  </li>
  <li
    class="sc-gsDKAQ UKGbb"
  >
    <div
      class="sc-dkPtRN oQTeg"
    >
      <div
        class="sc-hKwDye hKxfRJ wc-table-cell"
      >
        <div>
          Error!
        </div>
      </div>
      <div
        class="sc-hKwDye eDPjSw wc-table-cell wc-table-cell-solid"
      >
        <div>
          Item 2
        </div>
      </div>
      <div
        class="sc-hKwDye eDPjSw wc-table-cell wc-table-cell-solid"
      >
        <div>
          Item 3
        </div>
      </div>
      <div
        class="sc-hKwDye eDPjSw wc-table-cell wc-table-cell-solid"
      >
        <div>
          Phasellus vel velit et mi eleifend dignissim. Duis vitae mi magna. Proin in feugiat urna.
        </div>
      </div>
    </div>
  </li>
  <li
    class="sc-gsDKAQ bcAwMB"
  >
    <div
      class="sc-dkPtRN oQTeg"
    >
      <div
        class="sc-hKwDye hKxfRJ wc-table-cell"
      >
        <div>
          Item 1
        </div>
      </div>
      <div
        class="sc-hKwDye eDPjSw wc-table-cell wc-table-cell-solid"
      >
        <div>
          Item 2
        </div>
      </div>
      <div
        class="sc-hKwDye eDPjSw wc-table-cell wc-table-cell-solid"
      >
        <div>
          Item 3
        </div>
      </div>
      <div
        class="sc-hKwDye eDPjSw wc-table-cell wc-table-cell-solid"
      >
        <div>
          Orci varius natoque penatibus et magnis dis parturient montes, nascetur ridiculus mus.
        </div>
      </div>
    </div>
  </li>
  <li
    class="sc-gsDKAQ fNypaA"
  >
    <div
      class="sc-dkPtRN oQTeg"
    >
      <div
        class="sc-hKwDye eDPjSw wc-table-cell wc-table-cell-solid"
      >
        <div>
          Item 1
        </div>
      </div>
      <div
        class="sc-hKwDye eDPjSw wc-table-cell wc-table-cell-solid"
      >
        <div>
          Item 2
        </div>
      </div>
      <div
        class="sc-hKwDye eDPjSw wc-table-cell wc-table-cell-solid"
      >
        <div>
          Item 3
        </div>
      </div>
      <div
        class="sc-hKwDye eDPjSw wc-table-cell wc-table-cell-solid"
      >
        <div>
          Nulla iaculis, erat ultrices egestas pretium, metus augue efficitur massa, blandit elementum arcu dolor at erat.
        </div>
      </div>
    </div>
  </li>
  <li
    class="sc-gsDKAQ fNypaA"
  >
    <div
      class="sc-dkPtRN oQTeg"
    >
      <div
        class="sc-hKwDye eDPjSw wc-table-cell wc-table-cell-solid"
      >
        <div>
          Item 1
        </div>
      </div>
      <div
        class="sc-hKwDye eDPjSw wc-table-cell wc-table-cell-solid"
      >
        <div>
          Item 2
        </div>
      </div>
      <div
        class="sc-hKwDye eDPjSw wc-table-cell wc-table-cell-solid"
      >
        <div>
          Item 3
        </div>
      </div>
      <div
        class="sc-hKwDye eDPjSw wc-table-cell wc-table-cell-solid"
      >
        <div>
          Item 4
        </div>
      </div>
    </div>
  </li>
  <li
    class="sc-gsDKAQ fNypaA"
  >
    <div
      class="sc-dkPtRN dGrlTs"
    >
      <div
        class="sc-hKwDye eDPjSw wc-table-cell wc-table-cell-solid"
      >
        <div>
          Item 1
        </div>
      </div>
      <div
        class="sc-hKwDye eDPjSw wc-table-cell wc-table-cell-solid"
      >
        <div>
          Item 2
        </div>
      </div>
    </div>
  </li>
</ul>
`;
