// Jest Snapshot v1, https://goo.gl/fbAQLP

exports[`<DropdownPanel /> should render snapshot correctly 1`] = `
<div
  class="sc-bczRLJ jIyjKK"
>
  <div
    class="sc-gsnTZi"
  >
    <div
      class="sc-iBkjds cZTLwq"
      role="button"
      tabindex="0"
    >
      <p
        class="sc-ftvSup dRhCYr"
      >
        empty options
      </p>
    </div>
  </div>
</div>
`;
