// Jest Snapshot v1, https://goo.gl/fbAQLP

exports[`<DropdownPanel /> should render snapshot correctly 1`] = `
<div
  class="sc-bdvvtL iqkGDp"
>
  <div
    class="sc-gsDKAQ"
  >
    <div
      class="sc-iCfMLu iGWyQt"
      role="button"
      tabindex="0"
    >
      <p
        class="sc-furwcr dlyZeQ"
      >
        empty options
      </p>
    </div>
  </div>
</div>
`;
